[12:35:58] INFO  Bat dau. Che do: CHAY THU (khong bam). Nhat ky: D:\OneDrive\Code\sohoa-dvc-extension\sohoa-dvc-extension\tools\auto-ky-so.log
[12:35:58] INFO  Tim cua so khop: "K.\s*S.\s*C.NG V.N|C.NG C. K. S.|KY SO" | mau ten nut: "^K.\s*s.$"
[12:35:58] INFO  Bam Ctrl+C de dung.
[12:38:59] WARN  Het 3 phut, dung.
[12:38:59] INFO  Ket thuc. Tong so lan bam: 0
[12:40:25] WARN  Dong 0 cua so ky con treo.
[12:40:27] INFO  Con lai: 0
[12:40:35] INFO  Bat dau. Che do: CHAY THU (khong bam)
[12:40:35] INFO  Nhat ky: D:\OneDrive\Code\sohoa-dvc-extension\sohoa-dvc-extension\tools\auto-ky-so.log
[12:40:35] INFO  Mau cua so: "K.\s*s.\s*c.ng v.n|C.NG C. K. S.|KY SO" | mau nut: "^K.\s*s.$"
[12:40:35] INFO  Bam Ctrl+C de dung.
[12:42:23] WARN  [CHAY THU] Cua so: [CÔNG CỤ KÝ SỐ THEO NGHỊ ĐỊNH SỐ 30/2020/NĐ-CP ]
[12:42:23] WARN  [CHAY THU] Cac nut: 
[12:42:23] ERR   [CHAY THU] KHONG thay nut nao khop mau.
[12:42:31] WARN  [CHAY THU] Cua so: [CÔNG CỤ KÝ SỐ THEO NGHỊ ĐỊNH SỐ 30/2020/NĐ-CP ]
[12:42:31] WARN  [CHAY THU] Cac nut: 
[12:42:31] ERR   [CHAY THU] KHONG thay nut nao khop mau.
[12:42:39] WARN  [CHAY THU] Cua so: [CÔNG CỤ KÝ SỐ THEO NGHỊ ĐỊNH SỐ 30/2020/NĐ-CP ]
[12:42:39] WARN  [CHAY THU] Cac nut: 
[12:42:39] ERR   [CHAY THU] KHONG thay nut nao khop mau.
[12:42:48] WARN  [CHAY THU] Cua so: [CÔNG CỤ KÝ SỐ THEO NGHỊ ĐỊNH SỐ 30/2020/NĐ-CP ]
[12:42:48] WARN  [CHAY THU] Cac nut: 
[12:42:48] ERR   [CHAY THU] KHONG thay nut nao khop mau.
[12:42:56] WARN  [CHAY THU] Cua so: [CÔNG CỤ KÝ SỐ THEO NGHỊ ĐỊNH SỐ 30/2020/NĐ-CP ]
[12:42:56] WARN  [CHAY THU] Cac nut: 
[12:42:56] ERR   [CHAY THU] KHONG thay nut nao khop mau.
[12:43:04] WARN  [CHAY THU] Cua so: [CÔNG CỤ KÝ SỐ THEO NGHỊ ĐỊNH SỐ 30/2020/NĐ-CP ]
[12:43:04] WARN  [CHAY THU] Cac nut: 
[12:43:04] ERR   [CHAY THU] KHONG thay nut nao khop mau.
[12:43:12] WARN  [CHAY THU] Cua so: [CÔNG CỤ KÝ SỐ THEO NGHỊ ĐỊNH SỐ 30/2020/NĐ-CP ]
[12:43:12] WARN  [CHAY THU] Cac nut: 
[12:43:12] ERR   [CHAY THU] KHONG thay nut nao khop mau.
[12:43:20] WARN  [CHAY THU] Cua so: [CÔNG CỤ KÝ SỐ THEO NGHỊ ĐỊNH SỐ 30/2020/NĐ-CP ]
[12:43:20] WARN  [CHAY THU] Cac nut: 
[12:43:20] ERR   [CHAY THU] KHONG thay nut nao khop mau.
[13:34:47] INFO  Bat dau. Che do: CHAY THAT
[13:34:47] INFO  Nhat ky: D:\OneDrive\Code\sohoa-dvc-extension\sohoa-dvc-extension\tools\auto-ky-so.log
[13:34:47] INFO  Mau cua so: "K.\s*s.\s*c.ng v.n|C.NG C. K. S.|KY SO" | mau nut: "^K.\s*s.$"
[13:34:47] INFO  Bam Ctrl+C de dung.
[13:39:22] INFO  Bat dau. Che do: CHAY THU (khong bam)
[13:39:22] INFO  Nhat ky: D:\OneDrive\Code\sohoa-dvc-extension\sohoa-dvc-extension\tools\auto-ky-so.log
[13:39:22] INFO  Mau cua so: "K.\s*s.\s*c.ng v.n|C.NG C. K. S." | mau nut: "^K.\s*s.$"
[13:39:22] INFO  Bam Ctrl+C de dung.
[13:39:22] WARN  [CHAY THU] Cua so: [CÔNG CỤ KÝ SỐ THEO NGHỊ ĐỊNH SỐ 30/2020/NĐ-CP ] - Ký số công văn (??n...
[13:39:22] WARN  [CHAY THU] Cac nut: TRÍCH SAO | SAO LỤC | SAO Y | Đóng | Cấu hình | Ký số
[13:39:22] OK    [CHAY THU] Se bam: 'Ký số' (bat=True)
[13:39:25] WARN  [CHAY THU] Cua so: [CÔNG CỤ KÝ SỐ THEO NGHỊ ĐỊNH SỐ 30/2020/NĐ-CP ] - Ký số công văn (??n...
[13:39:25] WARN  [CHAY THU] Cac nut: TRÍCH SAO | SAO LỤC | SAO Y | Đóng | Cấu hình | Ký số
[13:39:25] OK    [CHAY THU] Se bam: 'Ký số' (bat=True)
[13:39:28] WARN  [CHAY THU] Cua so: [CÔNG CỤ KÝ SỐ THEO NGHỊ ĐỊNH SỐ 30/2020/NĐ-CP ] - Ký số công văn (??n...
[13:39:28] WARN  [CHAY THU] Cac nut: TRÍCH SAO | SAO LỤC | SAO Y | Đóng | Cấu hình | Ký số
[13:39:28] OK    [CHAY THU] Se bam: 'Ký số' (bat=True)
[13:39:31] WARN  [CHAY THU] Cua so: [CÔNG CỤ KÝ SỐ THEO NGHỊ ĐỊNH SỐ 30/2020/NĐ-CP ] - Ký số công văn (??n...
[13:39:31] WARN  [CHAY THU] Cac nut: TRÍCH SAO | SAO LỤC | SAO Y | Đóng | Cấu hình | Ký số
[13:39:31] OK    [CHAY THU] Se bam: 'Ký số' (bat=True)
[13:39:34] WARN  [CHAY THU] Cua so: [CÔNG CỤ KÝ SỐ THEO NGHỊ ĐỊNH SỐ 30/2020/NĐ-CP ] - Ký số công văn (??n...
[13:39:34] WARN  [CHAY THU] Cac nut: TRÍCH SAO | SAO LỤC | SAO Y | Đóng | Cấu hình | Ký số
[13:39:34] OK    [CHAY THU] Se bam: 'Ký số' (bat=True)
[13:39:37] WARN  [CHAY THU] Cua so: [CÔNG CỤ KÝ SỐ THEO NGHỊ ĐỊNH SỐ 30/2020/NĐ-CP ] - Ký số công văn (??n...
[13:39:37] WARN  [CHAY THU] Cac nut: TRÍCH SAO | SAO LỤC | SAO Y | Đóng | Cấu hình | Ký số
[13:39:37] OK    [CHAY THU] Se bam: 'Ký số' (bat=True)
[13:39:41] WARN  [CHAY THU] Cua so: [CÔNG CỤ KÝ SỐ THEO NGHỊ ĐỊNH SỐ 30/2020/NĐ-CP ] - Ký số công văn (??n...
[13:39:41] WARN  [CHAY THU] Cac nut: TRÍCH SAO | SAO LỤC | SAO Y | Đóng | Cấu hình | Ký số
[13:39:41] OK    [CHAY THU] Se bam: 'Ký số' (bat=True)
[13:39:44] WARN  [CHAY THU] Cua so: [CÔNG CỤ KÝ SỐ THEO NGHỊ ĐỊNH SỐ 30/2020/NĐ-CP ] - Ký số công văn (??n...
[13:39:44] WARN  [CHAY THU] Cac nut: TRÍCH SAO | SAO LỤC | SAO Y | Đóng | Cấu hình | Ký số
[13:39:44] OK    [CHAY THU] Se bam: 'Ký số' (bat=True)
[13:39:47] WARN  [CHAY THU] Cua so: [CÔNG CỤ KÝ SỐ THEO NGHỊ ĐỊNH SỐ 30/2020/NĐ-CP ] - Ký số công văn (??n...
[13:39:47] WARN  [CHAY THU] Cac nut: TRÍCH SAO | SAO LỤC | SAO Y | Đóng | Cấu hình | Ký số
[13:39:47] OK    [CHAY THU] Se bam: 'Ký số' (bat=True)
[13:39:55] INFO  Bat dau. Che do: CHAY THAT
[13:39:55] INFO  Nhat ky: D:\OneDrive\Code\sohoa-dvc-extension\sohoa-dvc-extension\tools\auto-ky-so.log
[13:39:55] INFO  Mau cua so: "K.\s*s.\s*c.ng v.n|C.NG C. K. S." | mau nut: "^K.\s*s.$"
[13:39:55] INFO  Bam Ctrl+C de dung.
[13:39:55] OK    Da bam 'Ký số' (lan 1) - [CÔNG CỤ KÝ SỐ THEO NGHỊ ĐỊNH SỐ 30/2020/NĐ-CP ] - Ký số công văn (??n...
[13:41:08] INFO  Bat dau. Che do: CHAY THAT
[13:41:08] INFO  Nhat ky: D:\OneDrive\Code\sohoa-dvc-extension\sohoa-dvc-extension\tools\auto-ky-so.log
[13:41:08] INFO  Mau cua so: "K.\s*s.\s*c.ng v.n|C.NG C. K. S." | mau nut: "^K.\s*s.$"
[13:41:08] INFO  Bam Ctrl+C de dung.
[13:41:27] OK    Da bam 'Ký số' (lan 1) - [CÔNG CỤ KÝ SỐ THEO NGHỊ ĐỊNH SỐ 30/2020/NĐ-CP ] - Ký số công văn (??n...
[13:41:34] OK    Da bam 'Ký số' (lan 2) - [CÔNG CỤ KÝ SỐ THEO NGHỊ ĐỊNH SỐ 30/2020/NĐ-CP ] - Ký số công văn (gcn...
[13:41:46] OK    Da bam 'Ký số' (lan 3) - [CÔNG CỤ KÝ SỐ THEO NGHỊ ĐỊNH SỐ 30/2020/NĐ-CP ] - Ký số công văn (DON...
[13:41:53] OK    Da bam 'Ký số' (lan 4) - [CÔNG CỤ KÝ SỐ THEO NGHỊ ĐỊNH SỐ 30/2020/NĐ-CP ] - Ký số công văn (GCN...
[13:42:00] OK    Da bam 'Ký số' (lan 5) - [CÔNG CỤ KÝ SỐ THEO NGHỊ ĐỊNH SỐ 30/2020/NĐ-CP ] - Ký số công văn (202...
[13:42:07] OK    Da bam 'Ký số' (lan 6) - [CÔNG CỤ KÝ SỐ THEO NGHỊ ĐỊNH SỐ 30/2020/NĐ-CP ] - Ký số công văn (202...
[13:42:17] OK    Da bam 'Ký số' (lan 7) - [CÔNG CỤ KÝ SỐ THEO NGHỊ ĐỊNH SỐ 30/2020/NĐ-CP ] - Ký số công văn (202...
[13:42:26] OK    Da bam 'Ký số' (lan 8) - [CÔNG CỤ KÝ SỐ THEO NGHỊ ĐỊNH SỐ 30/2020/NĐ-CP ] - Ký số công văn (202...
[13:42:40] OK    Da bam 'Ký số' (lan 9) - [CÔNG CỤ KÝ SỐ THEO NGHỊ ĐỊNH SỐ 30/2020/NĐ-CP ] - Ký số công văn (202...
[13:42:54] OK    Da bam 'Ký số' (lan 10) - [CÔNG CỤ KÝ SỐ THEO NGHỊ ĐỊNH SỐ 30/2020/NĐ-CP ] - Ký số công văn (Cam...
[13:43:06] OK    Da bam 'Ký số' (lan 11) - [CÔNG CỤ KÝ SỐ THEO NGHỊ ĐỊNH SỐ 30/2020/NĐ-CP ] - Ký số công văn (Cam...
[13:43:22] OK    Da bam 'Ký số' (lan 12) - [CÔNG CỤ KÝ SỐ THEO NGHỊ ĐỊNH SỐ 30/2020/NĐ-CP ] - Ký số công văn (Ta?...
[13:43:35] OK    Da bam 'Ký số' (lan 13) - [CÔNG CỤ KÝ SỐ THEO NGHỊ ĐỊNH SỐ 30/2020/NĐ-CP ] - Ký số công văn (Ta?...
[13:43:47] OK    Da bam 'Ký số' (lan 14) - [CÔNG CỤ KÝ SỐ THEO NGHỊ ĐỊNH SỐ 30/2020/NĐ-CP ] - Ký số công văn (Ta?...
[13:43:59] OK    Da bam 'Ký số' (lan 15) - [CÔNG CỤ KÝ SỐ THEO NGHỊ ĐỊNH SỐ 30/2020/NĐ-CP ] - Ký số công văn (Hs ...
[13:44:07] OK    Da bam 'Ký số' (lan 16) - [CÔNG CỤ KÝ SỐ THEO NGHỊ ĐỊNH SỐ 30/2020/NĐ-CP ] - Ký số công văn (Hs ...
[13:44:17] OK    Da bam 'Ký số' (lan 17) - [CÔNG CỤ KÝ SỐ THEO NGHỊ ĐỊNH SỐ 30/2020/NĐ-CP ] - Ký số công văn (Hs ...
[13:44:31] OK    Da bam 'Ký số' (lan 18) - [CÔNG CỤ KÝ SỐ THEO NGHỊ ĐỊNH SỐ 30/2020/NĐ-CP ] - Ký số công văn (bi?...
[13:44:40] OK    Da bam 'Ký số' (lan 19) - [CÔNG CỤ KÝ SỐ THEO NGHỊ ĐỊNH SỐ 30/2020/NĐ-CP ] - Ký số công văn (So?...
[13:54:14] INFO  Bat dau. Che do: CHAY THAT
[13:54:14] INFO  Nhat ky: D:\OneDrive\Code\sohoa-dvc-extension\sohoa-dvc-extension\tools\auto-ky-so.log
[13:54:14] INFO  Mau cua so: "K.\s*s.\s*c.ng v.n|C.NG C. K. S." | mau nut: "^K.\s*s.$"
[13:54:14] INFO  Bam Ctrl+C de dung.
[13:54:14] INFO  Tu thoat neu 5 phut khong thay cua so ky nao.
[13:54:36] OK    Da bam 'Ký số' (lan 1) - [CÔNG CỤ KÝ SỐ THEO NGHỊ ĐỊNH SỐ 30/2020/NĐ-CP ] - Ký số công văn (h?....
[13:54:46] OK    Da bam 'Ký số' (lan 2) - [CÔNG CỤ KÝ SỐ THEO NGHỊ ĐỊNH SỐ 30/2020/NĐ-CP ] - Ký số công văn (b?n...
[13:54:54] OK    Da bam 'Ký số' (lan 3) - [CÔNG CỤ KÝ SỐ THEO NGHỊ ĐỊNH SỐ 30/2020/NĐ-CP ] - Ký số công văn (Don...
[13:55:01] OK    Da bam 'Ký số' (lan 4) - [CÔNG CỤ KÝ SỐ THEO NGHỊ ĐỊNH SỐ 30/2020/NĐ-CP ] - Ký số công văn (GCN...
[13:55:09] OK    Da bam 'Ký số' (lan 5) - [CÔNG CỤ KÝ SỐ THEO NGHỊ ĐỊNH SỐ 30/2020/NĐ-CP ] - Ký số công văn (Ado...
[13:55:19] OK    Da bam 'Ký số' (lan 6) - [CÔNG CỤ KÝ SỐ THEO NGHỊ ĐỊNH SỐ 30/2020/NĐ-CP ] - Ký số công văn (h?....
[13:56:43] WARN  Da co mot ban dang chay - thoat.
[13:57:06] WARN  Da co mot ban dang chay - thoat.
[13:57:23] OK    Da bam 'Ký số' (lan 7) - [CÔNG CỤ KÝ SỐ THEO NGHỊ ĐỊNH SỐ 30/2020/NĐ-CP ] - Ký số công văn (So?...
[13:57:30] OK    Da bam 'Ký số' (lan 8) - [CÔNG CỤ KÝ SỐ THEO NGHỊ ĐỊNH SỐ 30/2020/NĐ-CP ] - Ký số công văn (bi?...
[13:57:37] OK    Da bam 'Ký số' (lan 9) - [CÔNG CỤ KÝ SỐ THEO NGHỊ ĐỊNH SỐ 30/2020/NĐ-CP ] - Ký số công văn (BI?...
[13:57:44] OK    Da bam 'Ký số' (lan 10) - [CÔNG CỤ KÝ SỐ THEO NGHỊ ĐỊNH SỐ 30/2020/NĐ-CP ] - Ký số công văn (S? ...
[13:57:52] OK    Da bam 'Ký số' (lan 11) - [CÔNG CỤ KÝ SỐ THEO NGHỊ ĐỊNH SỐ 30/2020/NĐ-CP ] - Ký số công văn (H?....
[14:02:54] WARN  5 phut khong co cua so ky nao - tu thoat.
[14:02:54] INFO  Ket thuc. Tong so lan bam: 11
[21:58:37] INFO  Bat dau. Che do: CHAY THAT
[21:58:37] INFO  Nhat ky: D:\OneDrive\Code\sohoa-dvc-extension\sohoa-dvc-extension\tools\auto-ky-so.log
[21:58:37] INFO  Mau cua so: "K.\s*s.\s*c.ng v.n|C.NG C. K. S." | mau nut: "^K.\s*s.$"
[21:58:37] INFO  Bam Ctrl+C de dung.
[21:58:37] INFO  Tu thoat neu 5 phut khong thay cua so ky nao.
[21:58:38] OK    Da bam 'Ký số' (lan 1) - [CÔNG CỤ KÝ SỐ THEO NGHỊ ĐỊNH SỐ 30/2020/NĐ-CP ] - Ký số công văn (lÊ ...
[21:58:47] OK    Da bam 'Ký số' (lan 2) - [CÔNG CỤ KÝ SỐ THEO NGHỊ ĐỊNH SỐ 30/2020/NĐ-CP ] - Ký số công văn (lÊ ...
[21:58:52] OK    Da bam 'Ký số' (lan 3) - [CÔNG CỤ KÝ SỐ THEO NGHỊ ĐỊNH SỐ 30/2020/NĐ-CP ] - Ký số công văn (phi...
[22:03:27] OK    Da bam 'Ký số' (lan 4) - [CÔNG CỤ KÝ SỐ THEO NGHỊ ĐỊNH SỐ 30/2020/NĐ-CP ] - Ký số công văn (lÊ ...
[22:03:42] OK    Da bam 'Ký số' (lan 5) - [CÔNG CỤ KÝ SỐ THEO NGHỊ ĐỊNH SỐ 30/2020/NĐ-CP ] - Ký số công văn (phi...
[22:03:50] OK    Da bam 'Ký số' (lan 6) - [CÔNG CỤ KÝ SỐ THEO NGHỊ ĐỊNH SỐ 30/2020/NĐ-CP ] - Ký số công văn (phi...
[22:08:50] WARN  5 phut khong co cua so ky nao - tu thoat.
[22:08:50] INFO  Ket thuc. Tong so lan bam: 6
[16:01:05] INFO  Bat dau. Che do: CHAY THAT
[16:01:05] INFO  Nhat ky: D:\OneDrive\Code\sohoa-dvc-extension\sohoa-dvc-extension\tools\auto-ky-so.log
[16:01:05] INFO  Mau cua so: "K.\s*s.\s*c.ng v.n|C.NG C. K. S." | mau nut: "^K.\s*s.$"
[16:01:05] INFO  Bam Ctrl+C de dung.
[16:01:05] INFO  Tu thoat neu 5 phut khong thay cua so ky nao.
[16:01:07] OK    Da bam 'Ký số' (lan 1) - [CÔNG CỤ KÝ SỐ THEO NGHỊ ĐỊNH SỐ 30/2020/NĐ-CP ] - Ký số công văn (Ma?...
[16:01:15] OK    Da bam 'Ký số' (lan 2) - [CÔNG CỤ KÝ SỐ THEO NGHỊ ĐỊNH SỐ 30/2020/NĐ-CP ] - Ký số công văn (Ma?...
[16:01:21] OK    Da bam 'Ký số' (lan 3) - [CÔNG CỤ KÝ SỐ THEO NGHỊ ĐỊNH SỐ 30/2020/NĐ-CP ] - Ký số công văn (GCN...
[16:06:25] WARN  5 phut khong co cua so ky nao - tu thoat.
[16:06:25] INFO  Ket thuc. Tong so lan bam: 3
[16:07:40] INFO  Bat dau. Che do: CHAY THAT
[16:07:42] INFO  Nhat ky: D:\OneDrive\Code\sohoa-dvc-extension\sohoa-dvc-extension\tools\auto-ky-so.log
[16:07:42] INFO  Mau cua so: "K.\s*s.\s*c.ng v.n|C.NG C. K. S." | mau nut: "^K.\s*s.$"
[16:07:42] INFO  Bam Ctrl+C de dung.
[16:07:42] INFO  Tu thoat neu 5 phut khong thay cua so ky nao.
[16:07:50] OK    Da bam 'Ký số' (lan 1) - [CÔNG CỤ KÝ SỐ THEO NGHỊ ĐỊNH SỐ 30/2020/NĐ-CP ] - Ký số công văn (202...
[16:08:01] OK    Da bam 'Ký số' (lan 2) - [CÔNG CỤ KÝ SỐ THEO NGHỊ ĐỊNH SỐ 30/2020/NĐ-CP ] - Ký số công văn (Cam...
[16:08:11] OK    Da bam 'Ký số' (lan 3) - [CÔNG CỤ KÝ SỐ THEO NGHỊ ĐỊNH SỐ 30/2020/NĐ-CP ] - Ký số công văn (Cam...
[16:08:21] OK    Da bam 'Ký số' (lan 4) - [CÔNG CỤ KÝ SỐ THEO NGHỊ ĐỊNH SỐ 30/2020/NĐ-CP ] - Ký số công văn (Cam...
[16:08:57] WARN  Da co mot ban dang chay - thoat.
[16:09:00] OK    Da bam 'Ký số' (lan 5) - [CÔNG CỤ KÝ SỐ THEO NGHỊ ĐỊNH SỐ 30/2020/NĐ-CP ] - Ký số công văn (s? ...
[16:09:11] OK    Da bam 'Ký số' (lan 6) - [CÔNG CỤ KÝ SỐ THEO NGHỊ ĐỊNH SỐ 30/2020/NĐ-CP ] - Ký số công văn (??n...
[16:09:21] OK    Da bam 'Ký số' (lan 7) - [CÔNG CỤ KÝ SỐ THEO NGHỊ ĐỊNH SỐ 30/2020/NĐ-CP ] - Ký số công văn (202...
[16:09:33] OK    Da bam 'Ký số' (lan 8) - [CÔNG CỤ KÝ SỐ THEO NGHỊ ĐỊNH SỐ 30/2020/NĐ-CP ] - Ký số công văn (202...
[16:09:47] OK    Da bam 'Ký số' (lan 9) - [CÔNG CỤ KÝ SỐ THEO NGHỊ ĐỊNH SỐ 30/2020/NĐ-CP ] - Ký số công văn (202...
[16:14:48] WARN  5 phut khong co cua so ky nao - tu thoat.
[16:14:48] INFO  Ket thuc. Tong so lan bam: 9
[16:13:55] INFO  Bat dau. Che do: CHAY THAT
[16:13:55] INFO  Nhat ky: D:\OneDrive\Code\sohoa-dvc-extension\sohoa-dvc-extension\tools\auto-ky-so.log
[16:13:55] INFO  Mau cua so: "K.\s*s.\s*c.ng v.n|C.NG C. K. S." | mau nut: "^K.\s*s.$"
[16:13:55] INFO  Bam Ctrl+C de dung.
[16:13:55] INFO  Tu thoat neu 5 phut khong thay cua so ky nao.
[16:14:16] OK    Da bam 'Ký số' (lan 1) - [CÔNG CỤ KÝ SỐ THEO NGHỊ ĐỊNH SỐ 30/2020/NĐ-CP ] - Ký số công văn (SO ...
[16:14:37] OK    Da bam 'Ký số' (lan 2) - [CÔNG CỤ KÝ SỐ THEO NGHỊ ĐỊNH SỐ 30/2020/NĐ-CP ] - Ký số công văn (Cam...
[16:14:46] OK    Da bam 'Ký số' (lan 3) - [CÔNG CỤ KÝ SỐ THEO NGHỊ ĐỊNH SỐ 30/2020/NĐ-CP ] - Ký số công văn (Doc...
[16:14:57] OK    Da bam 'Ký số' (lan 4) - [CÔNG CỤ KÝ SỐ THEO NGHỊ ĐỊNH SỐ 30/2020/NĐ-CP ] - Ký số công văn (THO...
[16:15:07] OK    Da bam 'Ký số' (lan 5) - [CÔNG CỤ KÝ SỐ THEO NGHỊ ĐỊNH SỐ 30/2020/NĐ-CP ] - Ký số công văn (THO...
[16:15:18] OK    Da bam 'Ký số' (lan 6) - [CÔNG CỤ KÝ SỐ THEO NGHỊ ĐỊNH SỐ 30/2020/NĐ-CP ] - Ký số công văn (GCN...
[16:15:36] OK    Da bam 'Ký số' (lan 7) - [CÔNG CỤ KÝ SỐ THEO NGHỊ ĐỊNH SỐ 30/2020/NĐ-CP ] - Ký số công văn (HDT...
[16:15:52] OK    Da bam 'Ký số' (lan 8) - [CÔNG CỤ KÝ SỐ THEO NGHỊ ĐỊNH SỐ 30/2020/NĐ-CP ] - Ký số công văn (DTC...
[16:16:06] OK    Da bam 'Ký số' (lan 9) - [CÔNG CỤ KÝ SỐ THEO NGHỊ ĐỊNH SỐ 30/2020/NĐ-CP ] - Ký số công văn (GCN...
[16:16:20] OK    Da bam 'Ký số' (lan 10) - [CÔNG CỤ KÝ SỐ THEO NGHỊ ĐỊNH SỐ 30/2020/NĐ-CP ] - Ký số công văn (HDT...
[16:16:33] OK    Da bam 'Ký số' (lan 11) - [CÔNG CỤ KÝ SỐ THEO NGHỊ ĐỊNH SỐ 30/2020/NĐ-CP ] - Ký số công văn (DTC...
[16:16:46] OK    Da bam 'Ký số' (lan 12) - [CÔNG CỤ KÝ SỐ THEO NGHỊ ĐỊNH SỐ 30/2020/NĐ-CP ] - Ký số công văn (Cam...
[16:16:59] OK    Da bam 'Ký số' (lan 13) - [CÔNG CỤ KÝ SỐ THEO NGHỊ ĐỊNH SỐ 30/2020/NĐ-CP ] - Ký số công văn (Cam...
[16:22:00] WARN  5 phut khong co cua so ky nao - tu thoat.
[16:22:00] INFO  Ket thuc. Tong so lan bam: 13
[14:51:09] INFO  Bat dau. Che do: CHAY THAT
[14:51:09] INFO  Nhat ky: D:\OneDrive\Code\sohoa-dvc-extension\sohoa-dvc-extension\tools\auto-ky-so.log
[14:51:09] INFO  Mau cua so: "K.\s*s.\s*c.ng v.n|C.NG C. K. S." | mau nut: "^K.\s*s.$"
[14:51:09] INFO  Bam Ctrl+C de dung.
[14:51:09] INFO  Tu thoat neu 5 phut khong thay cua so ky nao.
[14:51:19] OK    Da bam 'Ký số' (lan 1) - [CÔNG CỤ KÝ SỐ THEO NGHỊ ĐỊNH SỐ 30/2020/NĐ-CP ] - Ký số công văn (s? ...
[14:51:26] OK    Da bam 'Ký số' (lan 2) - [CÔNG CỤ KÝ SỐ THEO NGHỊ ĐỊNH SỐ 30/2020/NĐ-CP ] - Ký số công văn (??n...
[14:51:35] OK    Da bam 'Ký số' (lan 3) - [CÔNG CỤ KÝ SỐ THEO NGHỊ ĐỊNH SỐ 30/2020/NĐ-CP ] - Ký số công văn (S? ...
[14:51:50] OK    Da bam 'Ký số' (lan 4) - [CÔNG CỤ KÝ SỐ THEO NGHỊ ĐỊNH SỐ 30/2020/NĐ-CP ] - Ký số công văn (Tk ...
[14:51:58] OK    Da bam 'Ký số' (lan 5) - [CÔNG CỤ KÝ SỐ THEO NGHỊ ĐỊNH SỐ 30/2020/NĐ-CP ] - Ký số công văn (DON...
[14:52:06] OK    Da bam 'Ký số' (lan 6) - [CÔNG CỤ KÝ SỐ THEO NGHỊ ĐỊNH SỐ 30/2020/NĐ-CP ] - Ký số công văn (202...
[14:52:15] OK    Da bam 'Ký số' (lan 7) - [CÔNG CỤ KÝ SỐ THEO NGHỊ ĐỊNH SỐ 30/2020/NĐ-CP ] - Ký số công văn (202...
[14:52:25] OK    Da bam 'Ký số' (lan 8) - [CÔNG CỤ KÝ SỐ THEO NGHỊ ĐỊNH SỐ 30/2020/NĐ-CP ] - Ký số công văn (202...
[14:57:26] WARN  5 phut khong co cua so ky nao - tu thoat.
[14:57:26] INFO  Ket thuc. Tong so lan bam: 8
[16:41:24] INFO  Bat dau. Che do: CHAY THAT
[16:41:24] INFO  Nhat ky: D:\OneDrive\Code\sohoa-dvc-extension\sohoa-dvc-extension\tools\auto-ky-so.log
[16:41:24] INFO  Mau cua so: "K.\s*s.\s*c.ng v.n|C.NG C. K. S." | mau nut: "^K.\s*s.$"
[16:41:24] INFO  Bam Ctrl+C de dung.
[16:41:24] INFO  Tu thoat neu 5 phut khong thay cua so ky nao.
[16:41:29] OK    Da bam 'Ký số' (lan 1) - [CÔNG CỤ KÝ SỐ THEO NGHỊ ĐỊNH SỐ 30/2020/NĐ-CP ] - Ký số công văn (So?...
[16:41:39] OK    Da bam 'Ký số' (lan 2) - [CÔNG CỤ KÝ SỐ THEO NGHỊ ĐỊNH SỐ 30/2020/NĐ-CP ] - Ký số công văn (h? ...
[16:41:49] OK    Da bam 'Ký số' (lan 3) - [CÔNG CỤ KÝ SỐ THEO NGHỊ ĐỊNH SỐ 30/2020/NĐ-CP ] - Ký số công văn (Don...
[16:41:59] OK    Da bam 'Ký số' (lan 4) - [CÔNG CỤ KÝ SỐ THEO NGHỊ ĐỊNH SỐ 30/2020/NĐ-CP ] - Ký số công văn (Di ...
[16:42:10] OK    Da bam 'Ký số' (lan 5) - [CÔNG CỤ KÝ SỐ THEO NGHỊ ĐỊNH SỐ 30/2020/NĐ-CP ] - Ký số công văn (Di ...
[16:42:20] OK    Da bam 'Ký số' (lan 6) - [CÔNG CỤ KÝ SỐ THEO NGHỊ ĐỊNH SỐ 30/2020/NĐ-CP ] - Ký số công văn (Dq ...
[16:42:31] OK    Da bam 'Ký số' (lan 7) - [CÔNG CỤ KÝ SỐ THEO NGHỊ ĐỊNH SỐ 30/2020/NĐ-CP ] - Ký số công văn (Dq ...
[16:42:42] OK    Da bam 'Ký số' (lan 8) - [CÔNG CỤ KÝ SỐ THEO NGHỊ ĐỊNH SỐ 30/2020/NĐ-CP ] - Ký số công văn (Dp ...
[16:42:52] OK    Da bam 'Ký số' (lan 9) - [CÔNG CỤ KÝ SỐ THEO NGHỊ ĐỊNH SỐ 30/2020/NĐ-CP ] - Ký số công văn (Dp ...
[08:22:23] INFO  Bat dau. Che do: CHAY THAT
[08:22:23] INFO  Nhat ky: D:\OneDrive\Code\sohoa-dvc-extension\sohoa-dvc-extension\tools\auto-ky-so.log
[08:22:23] INFO  Mau cua so: "K.\s*s.\s*c.ng v.n|C.NG C. K. S." | mau nut: "^K.\s*s.$"
[08:22:23] INFO  Bam Ctrl+C de dung.
[08:22:23] INFO  Tu thoat neu 5 phut khong thay cua so ky nao.
[09:22:04] OK    Da bam 'Ký số' (lan 1) - [CÔNG CỤ KÝ SỐ THEO NGHỊ ĐỊNH SỐ 30/2020/NĐ-CP ] - Ký số công văn (??N...
[09:27:06] WARN  5 phut khong co cua so ky nao - tu thoat.
[09:27:06] INFO  Ket thuc. Tong so lan bam: 1
[10:05:53] INFO  Bat dau. Che do: CHAY THAT
[10:05:53] INFO  Nhat ky: D:\OneDrive\Code\sohoa-dvc-extension\sohoa-dvc-extension\tools\auto-ky-so.log
[10:05:53] INFO  Mau cua so: "K.\s*s.\s*c.ng v.n|C.NG C. K. S." | mau nut: "^K.\s*s.$"
[10:05:53] INFO  Bam Ctrl+C de dung.
[10:05:53] INFO  Tu thoat neu 5 phut khong thay cua so ky nao.
[10:10:53] WARN  5 phut khong co cua so ky nao - tu thoat.
[10:10:53] INFO  Ket thuc. Tong so lan bam: 0
[15:17:49] INFO  Bat dau. Che do: CHAY THAT
[15:17:49] INFO  Nhat ky: D:\OneDrive\Code\sohoa-dvc-extension\sohoa-dvc-extension\tools\auto-ky-so.log
[15:17:49] INFO  Mau cua so: "K.\s*s.\s*c.ng v.n|C.NG C. K. S." | mau nut: "^K.\s*s.$"
[15:17:49] INFO  Bam Ctrl+C de dung.
[15:17:49] INFO  Tu thoat neu 5 phut khong thay cua so ky nao.
[15:20:51] OK    Da bam 'Ký số' (lan 1) - [CÔNG CỤ KÝ SỐ THEO NGHỊ ĐỊNH SỐ 30/2020/NĐ-CP ] - Ký số công văn (s? ...
[15:21:02] WARN  Da co mot ban dang chay - thoat.
[15:21:07] OK    Da bam 'Ký số' (lan 2) - [CÔNG CỤ KÝ SỐ THEO NGHỊ ĐỊNH SỐ 30/2020/NĐ-CP ] - Ký số công văn (s? ...
[15:21:16] OK    Da bam 'Ký số' (lan 3) - [CÔNG CỤ KÝ SỐ THEO NGHỊ ĐỊNH SỐ 30/2020/NĐ-CP ] - Ký số công văn (Phi...
[15:21:24] OK    Da bam 'Ký số' (lan 4) - [CÔNG CỤ KÝ SỐ THEO NGHỊ ĐỊNH SỐ 30/2020/NĐ-CP ] - Ký số công văn (202...
[15:21:36] OK    Da bam 'Ký số' (lan 5) - [CÔNG CỤ KÝ SỐ THEO NGHỊ ĐỊNH SỐ 30/2020/NĐ-CP ] - Ký số công văn (H?T...
[15:21:49] OK    Da bam 'Ký số' (lan 6) - [CÔNG CỤ KÝ SỐ THEO NGHỊ ĐỊNH SỐ 30/2020/NĐ-CP ] - Ký số công văn (202...
[15:22:01] OK    Da bam 'Ký số' (lan 7) - [CÔNG CỤ KÝ SỐ THEO NGHỊ ĐỊNH SỐ 30/2020/NĐ-CP ] - Ký số công văn (Cam...
[15:22:14] OK    Da bam 'Ký số' (lan 8) - [CÔNG CỤ KÝ SỐ THEO NGHỊ ĐỊNH SỐ 30/2020/NĐ-CP ] - Ký số công văn (Ado...
[15:22:22] OK    Da bam 'Ký số' (lan 9) - [CÔNG CỤ KÝ SỐ THEO NGHỊ ĐỊNH SỐ 30/2020/NĐ-CP ] - Ký số công văn (Ado...
[15:22:31] OK    Da bam 'Ký số' (lan 10) - [CÔNG CỤ KÝ SỐ THEO NGHỊ ĐỊNH SỐ 30/2020/NĐ-CP ] - Ký số công văn (Ado...
[15:22:47] OK    Da bam 'Ký số' (lan 11) - [CÔNG CỤ KÝ SỐ THEO NGHỊ ĐỊNH SỐ 30/2020/NĐ-CP ] - Ký số công văn (Ado...
[15:23:00] OK    Da bam 'Ký số' (lan 12) - [CÔNG CỤ KÝ SỐ THEO NGHỊ ĐỊNH SỐ 30/2020/NĐ-CP ] - Ký số công văn (S? ...
[15:23:11] OK    Da bam 'Ký số' (lan 13) - [CÔNG CỤ KÝ SỐ THEO NGHỊ ĐỊNH SỐ 30/2020/NĐ-CP ] - Ký số công văn (??n...
[15:28:12] WARN  5 phut khong co cua so ky nao - tu thoat.
[15:28:12] INFO  Ket thuc. Tong so lan bam: 13
[16:32:14] INFO  Bat dau. Che do: CHAY THAT
[16:32:14] INFO  Nhat ky: D:\OneDrive\Code\sohoa-dvc-extension\sohoa-dvc-extension\tools\auto-ky-so.log
[16:32:14] INFO  Mau cua so: "K.\s*s.\s*c.ng v.n|C.NG C. K. S." | mau nut: "^K.\s*s.$"
[16:32:14] INFO  Bam Ctrl+C de dung.
[16:32:14] INFO  Tu thoat neu 5 phut khong thay cua so ky nao.
[16:32:20] OK    Da bam 'Ký số' (lan 1) - [CÔNG CỤ KÝ SỐ THEO NGHỊ ĐỊNH SỐ 30/2020/NĐ-CP ] - Ký số công văn (Cam...
[16:32:34] OK    Da bam 'Ký số' (lan 2) - [CÔNG CỤ KÝ SỐ THEO NGHỊ ĐỊNH SỐ 30/2020/NĐ-CP ] - Ký số công văn (Cam...
[16:32:47] OK    Da bam 'Ký số' (lan 3) - [CÔNG CỤ KÝ SỐ THEO NGHỊ ĐỊNH SỐ 30/2020/NĐ-CP ] - Ký số công văn (S? ...
[16:33:02] OK    Da bam 'Ký số' (lan 4) - [CÔNG CỤ KÝ SỐ THEO NGHỊ ĐỊNH SỐ 30/2020/NĐ-CP ] - Ký số công văn (H? ...
[16:33:18] OK    Da bam 'Ký số' (lan 5) - [CÔNG CỤ KÝ SỐ THEO NGHỊ ĐỊNH SỐ 30/2020/NĐ-CP ] - Ký số công văn (??n...
[16:33:30] OK    Da bam 'Ký số' (lan 6) - [CÔNG CỤ KÝ SỐ THEO NGHỊ ĐỊNH SỐ 30/2020/NĐ-CP ] - Ký số công văn (So ...
[16:33:43] OK    Da bam 'Ký số' (lan 7) - [CÔNG CỤ KÝ SỐ THEO NGHỊ ĐỊNH SỐ 30/2020/NĐ-CP ] - Ký số công văn (hdd...
[16:33:58] OK    Da bam 'Ký số' (lan 8) - [CÔNG CỤ KÝ SỐ THEO NGHỊ ĐỊNH SỐ 30/2020/NĐ-CP ] - Ký số công văn (Do?...
[16:38:59] WARN  5 phut khong co cua so ky nao - tu thoat.
[16:38:59] INFO  Ket thuc. Tong so lan bam: 8
[10:18:50] INFO  Bat dau. Che do: CHAY THAT
[10:18:50] INFO  Nhat ky: D:\OneDrive\Code\sohoa-dvc-extension\sohoa-dvc-extension\tools\auto-ky-so.log
[10:18:50] INFO  Mau cua so: "K.\s*s.\s*c.ng v.n|C.NG C. K. S." | mau nut: "^K.\s*s.$"
[10:18:50] INFO  Bam Ctrl+C de dung.
[10:18:50] INFO  Tu thoat neu 5 phut khong thay cua so ky nao.
[10:23:50] WARN  5 phut khong co cua so ky nao - tu thoat.
[10:23:50] INFO  Ket thuc. Tong so lan bam: 0
[10:48:40] INFO  Bat dau. Che do: CHAY THAT
[10:48:40] INFO  Nhat ky: D:\OneDrive\Code\sohoa-dvc-extension\sohoa-dvc-extension\tools\auto-ky-so.log
[10:48:40] INFO  Mau cua so: "K.\s*s.\s*c.ng v.n|C.NG C. K. S." | mau nut: "^K.\s*s.$"
[10:48:40] INFO  Bam Ctrl+C de dung.
[10:48:40] INFO  Tu thoat neu 5 phut khong thay cua so ky nao.
[10:49:07] OK    Da bam 'Ký số' (lan 1) - [CÔNG CỤ KÝ SỐ THEO NGHỊ ĐỊNH SỐ 30/2020/NĐ-CP ] - Ký số công văn (Sca...
[10:49:21] OK    Da bam 'Ký số' (lan 2) - [CÔNG CỤ KÝ SỐ THEO NGHỊ ĐỊNH SỐ 30/2020/NĐ-CP ] - Ký số công văn (tu?...
[10:51:34] WARN  Da co mot ban dang chay - thoat.
[10:54:23] WARN  5 phut khong co cua so ky nao - tu thoat.
[10:54:23] INFO  Ket thuc. Tong so lan bam: 2
[15:52:20] INFO  Bat dau. Che do: CHAY THAT
[15:52:20] INFO  Nhat ky: D:\OneDrive\Code\sohoa-dvc-extension\sohoa-dvc-extension\tools\auto-ky-so.log
[15:52:20] INFO  Mau cua so: "K.\s*s.\s*c.ng v.n|C.NG C. K. S." | mau nut: "^K.\s*s.$"
[15:52:20] INFO  Bam Ctrl+C de dung.
[15:52:20] INFO  Tu thoat neu 5 phut khong thay cua so ky nao.
[15:52:31] OK    Da bam 'Ký số' (lan 1) - [CÔNG CỤ KÝ SỐ THEO NGHỊ ĐỊNH SỐ 30/2020/NĐ-CP ] - Ký số công văn (202...
[15:52:39] OK    Da bam 'Ký số' (lan 2) - [CÔNG CỤ KÝ SỐ THEO NGHỊ ĐỊNH SỐ 30/2020/NĐ-CP ] - Ký số công văn (202...
[15:52:47] OK    Da bam 'Ký số' (lan 3) - [CÔNG CỤ KÝ SỐ THEO NGHỊ ĐỊNH SỐ 30/2020/NĐ-CP ] - Ký số công văn (202...
[15:52:57] OK    Da bam 'Ký số' (lan 4) - [CÔNG CỤ KÝ SỐ THEO NGHỊ ĐỊNH SỐ 30/2020/NĐ-CP ] - Ký số công văn (HDT...
[15:53:06] OK    Da bam 'Ký số' (lan 5) - [CÔNG CỤ KÝ SỐ THEO NGHỊ ĐỊNH SỐ 30/2020/NĐ-CP ] - Ký số công văn (202...
[15:53:14] OK    Da bam 'Ký số' (lan 6) - [CÔNG CỤ KÝ SỐ THEO NGHỊ ĐỊNH SỐ 30/2020/NĐ-CP ] - Ký số công văn (202...
[15:53:23] OK    Da bam 'Ký số' (lan 7) - [CÔNG CỤ KÝ SỐ THEO NGHỊ ĐỊNH SỐ 30/2020/NĐ-CP ] - Ký số công văn (HDT...
[15:53:33] OK    Da bam 'Ký số' (lan 8) - [CÔNG CỤ KÝ SỐ THEO NGHỊ ĐỊNH SỐ 30/2020/NĐ-CP ] - Ký số công văn (202...
[15:53:42] OK    Da bam 'Ký số' (lan 9) - [CÔNG CỤ KÝ SỐ THEO NGHỊ ĐỊNH SỐ 30/2020/NĐ-CP ] - Ký số công văn (202...
[15:53:52] OK    Da bam 'Ký số' (lan 10) - [CÔNG CỤ KÝ SỐ THEO NGHỊ ĐỊNH SỐ 30/2020/NĐ-CP ] - Ký số công văn (??n...
[15:54:01] OK    Da bam 'Ký số' (lan 11) - [CÔNG CỤ KÝ SỐ THEO NGHỊ ĐỊNH SỐ 30/2020/NĐ-CP ] - Ký số công văn (s? ...
[15:54:10] OK    Da bam 'Ký số' (lan 12) - [CÔNG CỤ KÝ SỐ THEO NGHỊ ĐỊNH SỐ 30/2020/NĐ-CP ] - Ký số công văn (s? ...
[15:54:25] OK    Da bam 'Ký số' (lan 13) - [CÔNG CỤ KÝ SỐ THEO NGHỊ ĐỊNH SỐ 30/2020/NĐ-CP ] - Ký số công văn (H ?...
[15:54:44] OK    Da bam 'Ký số' (lan 14) - [CÔNG CỤ KÝ SỐ THEO NGHỊ ĐỊNH SỐ 30/2020/NĐ-CP ] - Ký số công văn (??n...
[15:55:00] OK    Da bam 'Ký số' (lan 15) - [CÔNG CỤ KÝ SỐ THEO NGHỊ ĐỊNH SỐ 30/2020/NĐ-CP ] - Ký số công văn (Cam...
[15:55:11] OK    Da bam 'Ký số' (lan 16) - [CÔNG CỤ KÝ SỐ THEO NGHỊ ĐỊNH SỐ 30/2020/NĐ-CP ] - Ký số công văn (Doc...
[15:55:21] OK    Da bam 'Ký số' (lan 17) - [CÔNG CỤ KÝ SỐ THEO NGHỊ ĐỊNH SỐ 30/2020/NĐ-CP ] - Ký số công văn (Cam...
[15:55:32] OK    Da bam 'Ký số' (lan 18) - [CÔNG CỤ KÝ SỐ THEO NGHỊ ĐỊNH SỐ 30/2020/NĐ-CP ] - Ký số công văn (Doc...
[16:00:32] WARN  5 phut khong co cua so ky nao - tu thoat.
[16:00:32] INFO  Ket thuc. Tong so lan bam: 18
[16:51:28] INFO  Bat dau. Che do: CHAY THAT
[16:51:28] INFO  Nhat ky: D:\OneDrive\Code\sohoa-dvc-extension\sohoa-dvc-extension\tools\auto-ky-so.log
[16:51:28] INFO  Mau cua so: "K.\s*s.\s*c.ng v.n|C.NG C. K. S." | mau nut: "^K.\s*s.$"
[16:51:28] INFO  Bam Ctrl+C de dung.
[16:51:28] INFO  Tu thoat neu 5 phut khong thay cua so ky nao.
[16:51:57] WARN  Da co mot ban dang chay - thoat.
[16:52:07] OK    Da bam 'Ký số' (lan 1) - [CÔNG CỤ KÝ SỐ THEO NGHỊ ĐỊNH SỐ 30/2020/NĐ-CP ] - Ký số công văn (202...
[16:52:19] OK    Da bam 'Ký số' (lan 2) - [CÔNG CỤ KÝ SỐ THEO NGHỊ ĐỊNH SỐ 30/2020/NĐ-CP ] - Ký số công văn (202...
[16:52:39] OK    Da bam 'Ký số' (lan 3) - [CÔNG CỤ KÝ SỐ THEO NGHỊ ĐỊNH SỐ 30/2020/NĐ-CP ] - Ký số công văn (202...
[16:57:40] WARN  5 phut khong co cua so ky nao - tu thoat.
[16:57:40] INFO  Ket thuc. Tong so lan bam: 3
[20:19:55] INFO  Bat dau. Che do: CHAY THAT
[20:19:55] INFO  Nhat ky: D:\OneDrive\Code\sohoa-dvc-extension\sohoa-dvc-extension\tools\auto-ky-so.log
[20:19:55] INFO  Mau cua so: "K.\s*s.\s*c.ng v.n|C.NG C. K. S." | mau nut: "^K.\s*s.$"
[20:19:55] INFO  Bam Ctrl+C de dung.
[20:19:55] INFO  Tu thoat neu 5 phut khong thay cua so ky nao.
[20:24:55] WARN  5 phut khong co cua so ky nao - tu thoat.
[20:24:55] INFO  Ket thuc. Tong so lan bam: 0
[16:18:20] INFO  Bat dau. Che do: CHAY THAT
[16:18:20] INFO  Nhat ky: D:\OneDrive\Code\sohoa-dvc-extension\sohoa-dvc-extension\tools\auto-ky-so.log
[16:18:20] INFO  Mau cua so: "K.\s*s.\s*c.ng v.n|C.NG C. K. S." | mau nut: "^K.\s*s.$"
[16:18:20] INFO  Bam Ctrl+C de dung.
[16:18:20] INFO  Tu thoat neu 5 phut khong thay cua so ky nao.
[16:18:36] OK    Da bam 'Ký số' (lan 1) - [CÔNG CỤ KÝ SỐ THEO NGHỊ ĐỊNH SỐ 30/2020/NĐ-CP ] - Ký số công văn (SCA...
[16:18:52] OK    Da bam 'Ký số' (lan 2) - [CÔNG CỤ KÝ SỐ THEO NGHỊ ĐỊNH SỐ 30/2020/NĐ-CP ] - Ký số công văn (SCA...
[16:19:08] OK    Da bam 'Ký số' (lan 3) - [CÔNG CỤ KÝ SỐ THEO NGHỊ ĐỊNH SỐ 30/2020/NĐ-CP ] - Ký số công văn (SCA...
[16:19:20] OK    Da bam 'Ký số' (lan 4) - [CÔNG CỤ KÝ SỐ THEO NGHỊ ĐỊNH SỐ 30/2020/NĐ-CP ] - Ký số công văn (s? ...
[16:19:36] OK    Da bam 'Ký số' (lan 5) - [CÔNG CỤ KÝ SỐ THEO NGHỊ ĐỊNH SỐ 30/2020/NĐ-CP ] - Ký số công văn (hd ...
[16:19:50] OK    Da bam 'Ký số' (lan 6) - [CÔNG CỤ KÝ SỐ THEO NGHỊ ĐỊNH SỐ 30/2020/NĐ-CP ] - Ký số công văn (??n...
[16:20:00] OK    Da bam 'Ký số' (lan 7) - [CÔNG CỤ KÝ SỐ THEO NGHỊ ĐỊNH SỐ 30/2020/NĐ-CP ] - Ký số công văn (202...
[16:20:11] OK    Da bam 'Ký số' (lan 8) - [CÔNG CỤ KÝ SỐ THEO NGHỊ ĐỊNH SỐ 30/2020/NĐ-CP ] - Ký số công văn (202...
[16:20:24] OK    Da bam 'Ký số' (lan 9) - [CÔNG CỤ KÝ SỐ THEO NGHỊ ĐỊNH SỐ 30/2020/NĐ-CP ] - Ký số công văn (202...
[16:20:37] WARN  Da co mot ban dang chay - thoat.
[16:20:40] OK    Da bam 'Ký số' (lan 10) - [CÔNG CỤ KÝ SỐ THEO NGHỊ ĐỊNH SỐ 30/2020/NĐ-CP ] - Ký số công văn (SCA...
[11:22:54] INFO  Bat dau. Che do: CHAY THAT
[11:22:54] INFO  Nhat ky: D:\OneDrive\Code\sohoa-dvc-extension\sohoa-dvc-extension\tools\auto-ky-so.log
[11:22:54] INFO  Mau cua so: "K.\s*s.\s*c.ng v.n|C.NG C. K. S." | mau nut: "^K.\s*s.$"
[11:22:54] INFO  Bam Ctrl+C de dung.
[11:22:54] INFO  Tu thoat neu 5 phut khong thay cua so ky nao.
[11:23:08] OK    Da bam 'Ký số' (lan 1) - [CÔNG CỤ KÝ SỐ THEO NGHỊ ĐỊNH SỐ 30/2020/NĐ-CP ] - Ký số công văn (gcn...
[11:23:21] OK    Da bam 'Ký số' (lan 2) - [CÔNG CỤ KÝ SỐ THEO NGHỊ ĐỊNH SỐ 30/2020/NĐ-CP ] - Ký số công văn (SCA...
[11:23:33] OK    Da bam 'Ký số' (lan 3) - [CÔNG CỤ KÝ SỐ THEO NGHỊ ĐỊNH SỐ 30/2020/NĐ-CP ] - Ký số công văn (SCA...
[11:23:42] OK    Da bam 'Ký số' (lan 4) - [CÔNG CỤ KÝ SỐ THEO NGHỊ ĐỊNH SỐ 30/2020/NĐ-CP ] - Ký số công văn (Cam...
[11:23:50] OK    Da bam 'Ký số' (lan 5) - [CÔNG CỤ KÝ SỐ THEO NGHỊ ĐỊNH SỐ 30/2020/NĐ-CP ] - Ký số công văn (202...
[11:23:57] OK    Da bam 'Ký số' (lan 6) - [CÔNG CỤ KÝ SỐ THEO NGHỊ ĐỊNH SỐ 30/2020/NĐ-CP ] - Ký số công văn (Cam...
[11:24:05] OK    Da bam 'Ký số' (lan 7) - [CÔNG CỤ KÝ SỐ THEO NGHỊ ĐỊNH SỐ 30/2020/NĐ-CP ] - Ký số công văn (202...
[11:24:13] OK    Da bam 'Ký số' (lan 8) - [CÔNG CỤ KÝ SỐ THEO NGHỊ ĐỊNH SỐ 30/2020/NĐ-CP ] - Ký số công văn (Cam...
[11:24:21] OK    Da bam 'Ký số' (lan 9) - [CÔNG CỤ KÝ SỐ THEO NGHỊ ĐỊNH SỐ 30/2020/NĐ-CP ] - Ký số công văn (202...
[11:24:29] OK    Da bam 'Ký số' (lan 10) - [CÔNG CỤ KÝ SỐ THEO NGHỊ ĐỊNH SỐ 30/2020/NĐ-CP ] - Ký số công văn (Cam...
[11:24:36] OK    Da bam 'Ký số' (lan 11) - [CÔNG CỤ KÝ SỐ THEO NGHỊ ĐỊNH SỐ 30/2020/NĐ-CP ] - Ký số công văn (Cam...
[11:24:44] OK    Da bam 'Ký số' (lan 12) - [CÔNG CỤ KÝ SỐ THEO NGHỊ ĐỊNH SỐ 30/2020/NĐ-CP ] - Ký số công văn (DN ...
[11:24:53] OK    Da bam 'Ký số' (lan 13) - [CÔNG CỤ KÝ SỐ THEO NGHỊ ĐỊNH SỐ 30/2020/NĐ-CP ] - Ký số công văn (202...
[11:25:01] OK    Da bam 'Ký số' (lan 14) - [CÔNG CỤ KÝ SỐ THEO NGHỊ ĐỊNH SỐ 30/2020/NĐ-CP ] - Ký số công văn (Dkt...
[11:30:03] WARN  5 phut khong co cua so ky nao - tu thoat.
[11:30:03] INFO  Ket thuc. Tong so lan bam: 14
[15:40:21] INFO  Bat dau. Che do: CHAY THAT
[15:40:21] INFO  Nhat ky: D:\OneDrive\Code\sohoa-dvc-extension\sohoa-dvc-extension\tools\auto-ky-so.log
[15:40:21] INFO  Mau cua so: "K.\s*s.\s*c.ng v.n|C.NG C. K. S." | mau nut: "^K.\s*s.$"
[15:40:21] INFO  Bam Ctrl+C de dung.
[15:40:21] INFO  Tu thoat neu 5 phut khong thay cua so ky nao.
[15:40:46] OK    Da bam 'Ký số' (lan 1) - [CÔNG CỤ KÝ SỐ THEO NGHỊ ĐỊNH SỐ 30/2020/NĐ-CP ] - Ký số công văn (GCN...
[15:41:09] OK    Da bam 'Ký số' (lan 2) - [CÔNG CỤ KÝ SỐ THEO NGHỊ ĐỊNH SỐ 30/2020/NĐ-CP ] - Ký số công văn (H?T...
[15:41:40] OK    Da bam 'Ký số' (lan 3) - [CÔNG CỤ KÝ SỐ THEO NGHỊ ĐỊNH SỐ 30/2020/NĐ-CP ] - Ký số công văn (??n...
[15:41:53] OK    Da bam 'Ký số' (lan 4) - [CÔNG CỤ KÝ SỐ THEO NGHỊ ĐỊNH SỐ 30/2020/NĐ-CP ] - Ký số công văn (s?....
[15:42:08] OK    Da bam 'Ký số' (lan 5) - [CÔNG CỤ KÝ SỐ THEO NGHỊ ĐỊNH SỐ 30/2020/NĐ-CP ] - Ký số công văn (h?....
[15:42:19] OK    Da bam 'Ký số' (lan 6) - [CÔNG CỤ KÝ SỐ THEO NGHỊ ĐỊNH SỐ 30/2020/NĐ-CP ] - Ký số công văn (h?....
[15:42:31] OK    Da bam 'Ký số' (lan 7) - [CÔNG CỤ KÝ SỐ THEO NGHỊ ĐỊNH SỐ 30/2020/NĐ-CP ] - Ký số công văn (h?....
[15:42:42] OK    Da bam 'Ký số' (lan 8) - [CÔNG CỤ KÝ SỐ THEO NGHỊ ĐỊNH SỐ 30/2020/NĐ-CP ] - Ký số công văn (h?....
[15:42:52] OK    Da bam 'Ký số' (lan 9) - [CÔNG CỤ KÝ SỐ THEO NGHỊ ĐỊNH SỐ 30/2020/NĐ-CP ] - Ký số công văn (h?....
[15:43:03] OK    Da bam 'Ký số' (lan 10) - [CÔNG CỤ KÝ SỐ THEO NGHỊ ĐỊNH SỐ 30/2020/NĐ-CP ] - Ký số công văn (h?....
[15:43:12] OK    Da bam 'Ký số' (lan 11) - [CÔNG CỤ KÝ SỐ THEO NGHỊ ĐỊNH SỐ 30/2020/NĐ-CP ] - Ký số công văn (h?....
[15:43:26] OK    Da bam 'Ký số' (lan 12) - [CÔNG CỤ KÝ SỐ THEO NGHỊ ĐỊNH SỐ 30/2020/NĐ-CP ] - Ký số công văn (h?....
[15:43:37] OK    Da bam 'Ký số' (lan 13) - [CÔNG CỤ KÝ SỐ THEO NGHỊ ĐỊNH SỐ 30/2020/NĐ-CP ] - Ký số công văn (h?....
[15:43:46] OK    Da bam 'Ký số' (lan 14) - [CÔNG CỤ KÝ SỐ THEO NGHỊ ĐỊNH SỐ 30/2020/NĐ-CP ] - Ký số công văn (h?....
[15:44:00] OK    Da bam 'Ký số' (lan 15) - [CÔNG CỤ KÝ SỐ THEO NGHỊ ĐỊNH SỐ 30/2020/NĐ-CP ] - Ký số công văn (tc....
[15:44:16] OK    Da bam 'Ký số' (lan 16) - [CÔNG CỤ KÝ SỐ THEO NGHỊ ĐỊNH SỐ 30/2020/NĐ-CP ] - Ký số công văn (Cam...
[15:44:34] OK    Da bam 'Ký số' (lan 17) - [CÔNG CỤ KÝ SỐ THEO NGHỊ ĐỊNH SỐ 30/2020/NĐ-CP ] - Ký số công văn (Cam...
[15:49:37] WARN  5 phut khong co cua so ky nao - tu thoat.
[15:49:37] INFO  Ket thuc. Tong so lan bam: 17
